\BOOKMARK [1][-]{section.1}{\376\377\000I\000n\000t\000r\000o\000d\000u\000c\000t\000i\000o\000n}{}% 1
\BOOKMARK [1][-]{section.2}{\376\377\000B\000a\000c\000k\000g\000r\000o\000u\000n\000d\000\040\000a\000n\000d\000\040\000R\000e\000l\000a\000t\000e\000d\000\040\000W\000o\000r\000k}{}% 2
\BOOKMARK [2][-]{subsection.2.1}{\376\377\000T\000h\000e\000\040\000Y\000e\000e\000\040\000A\000l\000g\000o\000r\000i\000t\000h\000m}{section.2}% 3
\BOOKMARK [2][-]{subsection.2.2}{\376\377\000E\000x\000i\000s\000t\000i\000n\000g\000\040\000F\000D\000T\000D\000\040\000S\000o\000f\000t\000w\000a\000r\000e}{section.2}% 4
\BOOKMARK [1][-]{section.3}{\376\377\000S\000y\000s\000t\000e\000m\000\040\000D\000e\000s\000i\000g\000n}{}% 5
\BOOKMARK [2][-]{subsection.3.1}{\376\377\000M\000o\000d\000u\000l\000e\000\040\000A\000r\000c\000h\000i\000t\000e\000c\000t\000u\000r\000e}{section.3}% 6
\BOOKMARK [2][-]{subsection.3.2}{\376\377\000T\000h\000e\000\040\000T\000i\000m\000e\000\040\000S\000t\000e\000p\000p\000e\000r}{section.3}% 7
\BOOKMARK [1][-]{section.4}{\376\377\000A\000b\000s\000o\000r\000b\000i\000n\000g\000\040\000B\000o\000u\000n\000d\000a\000r\000y\000\040\000C\000o\000n\000d\000i\000t\000i\000o\000n\000s}{}% 8
\BOOKMARK [1][-]{section.5}{\376\377\000S\000o\000u\000r\000c\000e\000s\000\040\000a\000n\000d\000\040\000W\000a\000v\000e\000f\000o\000r\000m\000s}{}% 9
\BOOKMARK [2][-]{subsection.5.1}{\376\377\000W\000a\000v\000e\000f\000o\000r\000m\000\040\000L\000i\000b\000r\000a\000r\000y}{section.5}% 10
\BOOKMARK [2][-]{subsection.5.2}{\376\377\000S\000p\000a\000t\000i\000a\000l\000\040\000I\000n\000j\000e\000c\000t\000o\000r\000s}{section.5}% 11
\BOOKMARK [1][-]{section.6}{\376\377\000E\000x\000p\000e\000r\000i\000m\000e\000n\000t\000a\000l\000\040\000R\000e\000s\000u\000l\000t\000s}{}% 12
\BOOKMARK [2][-]{subsection.6.1}{\376\377\0003\000D\000\040\000G\000r\000i\000d\000-\000S\000c\000a\000l\000i\000n\000g\000\040\000B\000e\000n\000c\000h\000m\000a\000r\000k}{section.6}% 13
\BOOKMARK [2][-]{subsection.6.2}{\376\377\0002\000D\000\040\000G\000r\000i\000d\000-\000S\000c\000a\000l\000i\000n\000g\000\040\000a\000n\000d\000\040\000P\000y\000M\000E\000E\000P\000\040\000C\000o\000m\000p\000a\000r\000i\000s\000o\000n}{section.6}% 14
\BOOKMARK [2][-]{subsection.6.3}{\376\377\000S\000c\000e\000n\000e\000-\000L\000e\000v\000e\000l\000\040\000B\000e\000n\000c\000h\000m\000a\000r\000k\000s\000:\000\040\000W\000a\000v\000e\000F\000o\000r\000g\000e\000\040\000v\000s\000\040\000P\000y\000M\000E\000E\000P}{section.6}% 15
\BOOKMARK [2][-]{subsection.6.4}{\376\377\000A\000l\000l\000\040\0001\0000\000\040\0003\000D\000\040\000E\000x\000a\000m\000p\000l\000e\000s\000\040\000o\000n\000\040\000G\000P\000U}{section.6}% 16
\BOOKMARK [1][-]{section.7}{\376\377\000P\000h\000y\000s\000i\000c\000s\000\040\000V\000a\000l\000i\000d\000a\000t\000i\000o\000n\000\040\000a\000n\000d\000\040\000T\000e\000s\000t\000\040\000S\000u\000i\000t\000e}{}% 17
\BOOKMARK [2][-]{subsection.7.1}{\376\377\000T\000e\000s\000t\000\040\000C\000o\000v\000e\000r\000a\000g\000e}{section.7}% 18
\BOOKMARK [2][-]{subsection.7.2}{\376\377\000E\000n\000e\000r\000g\000y\000\040\000C\000o\000n\000s\000e\000r\000v\000a\000t\000i\000o\000n}{section.7}% 19
\BOOKMARK [2][-]{subsection.7.3}{\376\377\000O\000c\000t\000a\000n\000t\000\040\000S\000y\000m\000m\000e\000t\000r\000y}{section.7}% 20
\BOOKMARK [2][-]{subsection.7.4}{\376\377\000M\000i\000e\000\040\000S\000c\000a\000t\000t\000e\000r\000i\000n\000g}{section.7}% 21
\BOOKMARK [2][-]{subsection.7.5}{\376\377\000W\000a\000v\000e\000g\000u\000i\000d\000e\000\040\000C\000u\000t\000o\000f\000f}{section.7}% 22
\BOOKMARK [1][-]{section.8}{\376\377\000A\000p\000p\000l\000i\000c\000a\000t\000i\000o\000n\000\040\000E\000x\000a\000m\000p\000l\000e\000s}{}% 23
\BOOKMARK [2][-]{subsection.8.1}{\376\377\000M\000e\000d\000i\000c\000a\000l\000\040\000M\000i\000c\000r\000o\000w\000a\000v\000e\000\040\000I\000m\000a\000g\000i\000n\000g}{section.8}% 24
\BOOKMARK [2][-]{subsection.8.2}{\376\377\000A\000u\000t\000o\000m\000o\000t\000i\000v\000e\000\040\000R\000a\000d\000a\000r}{section.8}% 25
\BOOKMARK [2][-]{subsection.8.3}{\376\377\000T\000h\000r\000o\000u\000g\000h\000-\000W\000a\000l\000l\000\040\000R\000a\000d\000a\000r}{section.8}% 26
\BOOKMARK [1][-]{section.9}{\376\377\000P\000e\000r\000f\000o\000r\000m\000a\000n\000c\000e\000\040\000A\000n\000a\000l\000y\000s\000i\000s}{}% 27
\BOOKMARK [1][-]{section.10}{\376\377\000L\000i\000m\000i\000t\000a\000t\000i\000o\000n\000s}{}% 28
\BOOKMARK [1][-]{section.11}{\376\377\000C\000o\000n\000c\000l\000u\000s\000i\000o\000n}{}% 29
